[2024-08-16 14:44:04,757] root - INFO - Selected methods saved to /home/ganesh/End_to_end_pipeline/artifact/methods/selected_descriptor_methods_classification.json
[2024-08-16 14:44:04,830] root - INFO - Ran descriptor method MolecularDescriptors
[2024-08-16 14:44:05,312] root - INFO - Ran descriptor method DIPOL_RI
[2024-08-16 14:44:05,315] root - INFO - Displayed DataFrame shape: (27, 8)
[2024-08-16 14:44:05,317] root - INFO - Download button created
[2024-08-16 14:44:05,318] root - INFO - Data saved successfully
[2024-08-16 14:44:16,217] root - INFO - DataCleaner initialized with row_thresh=0.2 and col_thresh=0.2
[2024-08-16 14:44:16,219] root - INFO - Dropped null values, resulting shape: (27, 8)
[2024-08-16 14:44:16,220] root - INFO - Float columns: ['Avg(µ)_sample', 'Avg(RI)_sample'], Int columns: ['res', 'interactive Donar electrons count', 'interactive Acceptore electrons count', 'negative ionizable electrones count', 'positive_ionizable electrons counts']
[2024-08-16 14:44:16,228] root - INFO - Preprocessor fitted successfully
[2024-08-16 14:44:16,229] root - INFO - Dropped null values, resulting shape: (27, 8)
[2024-08-16 14:44:16,232] root - INFO - Float columns: ['Avg(µ)_sample', 'Avg(RI)_sample'], Int columns: ['res', 'interactive Donar electrons count', 'interactive Acceptore electrons count', 'negative ionizable electrones count', 'positive_ionizable electrons counts']
[2024-08-16 14:44:16,233] root - INFO - Data transformed successfully
[2024-08-16 14:53:53,666] root - INFO - Selected methods saved to /home/ganesh/End_to_end_pipeline/artifact/methods/selected_descriptor_methods_classification.json
[2024-08-16 14:53:53,739] root - INFO - Ran descriptor method MolecularDescriptors
[2024-08-16 14:53:54,189] root - INFO - Ran descriptor method DIPOL_RI
[2024-08-16 14:53:54,192] root - INFO - Displayed DataFrame shape: (27, 8)
[2024-08-16 14:53:54,193] root - INFO - Download button created
[2024-08-16 14:53:54,195] root - INFO - Data saved successfully
[2024-08-16 14:54:04,477] root - INFO - DataCleaner initialized with row_thresh=0.2 and col_thresh=0.2
[2024-08-16 14:54:04,478] root - INFO - Dropped null values, resulting shape: (27, 8)
[2024-08-16 14:54:04,479] root - INFO - Float columns: ['Avg(µ)_sample', 'Avg(RI)_sample'], Int columns: ['res', 'interactive Donar electrons count', 'interactive Acceptore electrons count', 'negative ionizable electrones count', 'positive_ionizable electrons counts']
[2024-08-16 14:54:04,487] root - INFO - Preprocessor fitted successfully
[2024-08-16 14:54:04,489] root - INFO - Dropped null values, resulting shape: (27, 8)
[2024-08-16 14:54:04,492] root - INFO - Float columns: ['Avg(µ)_sample', 'Avg(RI)_sample'], Int columns: ['res', 'interactive Donar electrons count', 'interactive Acceptore electrons count', 'negative ionizable electrones count', 'positive_ionizable electrons counts']
[2024-08-16 14:54:04,492] root - INFO - Data transformed successfully
[2024-08-16 15:55:24,137] root - INFO - Ran descriptor method MolecularDescriptors
[2024-08-16 15:55:24,582] root - INFO - Ran descriptor method DIPOL_RI
[2024-08-16 15:55:24,584] root - INFO - Displayed DataFrame shape: (27, 8)
[2024-08-16 15:55:24,585] root - INFO - Download button created
[2024-08-16 15:55:24,587] root - INFO - Data saved successfully
[2024-08-16 15:55:27,290] root - INFO - Validation data saved successfully
[2024-08-16 15:56:22,423] root - INFO - Ran descriptor method MolecularDescriptors
[2024-08-16 15:56:32,699] root - INFO - Ran descriptor method DIPOL_RI
[2024-08-16 15:56:32,706] root - INFO - Displayed DataFrame shape: (74, 8)
[2024-08-16 15:56:32,709] root - INFO - Download button created
[2024-08-16 15:56:32,711] root - INFO - Data saved successfully
[2024-08-16 15:56:36,913] root - INFO - Validation data saved successfully
