[2024-08-16 16:19:55,995] root - INFO - Selected methods saved to /home/ganesh/End_to_end_pipeline/artifact/methods/selected_descriptor_methods_classification.json
[2024-08-16 16:19:56,067] root - INFO - Ran descriptor method MolecularDescriptors
[2024-08-16 16:19:56,545] root - INFO - Ran descriptor method DIPOL_RI
[2024-08-16 16:19:56,548] root - INFO - Displayed DataFrame shape: (27, 8)
[2024-08-16 16:19:56,550] root - INFO - Download button created
[2024-08-16 16:19:56,552] root - INFO - Data saved successfully
[2024-08-16 16:20:03,637] root - INFO - DataCleaner initialized with row_thresh=0.2 and col_thresh=0.2
[2024-08-16 16:20:03,638] root - INFO - Dropped null values, resulting shape: (27, 8)
[2024-08-16 16:20:03,639] root - INFO - Float columns: ['Avg(µ)_sample', 'Avg(RI)_sample'], Int columns: ['res', 'interactive Donar electrons count', 'interactive Acceptore electrons count', 'negative ionizable electrones count', 'positive_ionizable electrons counts']
[2024-08-16 16:20:03,647] root - INFO - Preprocessor fitted successfully
[2024-08-16 16:20:03,648] root - INFO - Dropped null values, resulting shape: (27, 8)
[2024-08-16 16:20:03,651] root - INFO - Float columns: ['Avg(µ)_sample', 'Avg(RI)_sample'], Int columns: ['res', 'interactive Donar electrons count', 'interactive Acceptore electrons count', 'negative ionizable electrones count', 'positive_ionizable electrons counts']
[2024-08-16 16:20:03,652] root - INFO - Data transformed successfully
[2024-08-16 16:20:42,322] root - INFO - Ran descriptor method MolecularDescriptors
[2024-08-16 16:20:52,579] root - INFO - Ran descriptor method DIPOL_RI
[2024-08-16 16:20:52,585] root - INFO - Displayed DataFrame shape: (74, 8)
[2024-08-16 16:20:52,588] root - INFO - Download button created
[2024-08-16 16:20:52,590] root - INFO - Data saved successfully
[2024-08-16 16:20:57,071] root - INFO - Validation data saved successfully
[2024-08-16 16:21:19,609] root - INFO - Validation data saved successfully
[2024-08-16 16:21:27,071] root - INFO - Validation data saved successfully
[2024-08-16 16:28:13,693] root - INFO - Ran descriptor method MolecularDescriptors
[2024-08-16 16:28:44,425] root - INFO - Ran descriptor method DIPOL_RI
[2024-08-16 16:28:44,430] root - INFO - Displayed DataFrame shape: (164, 13)
[2024-08-16 16:28:44,432] root - INFO - Download button created
[2024-08-16 16:28:44,435] root - INFO - Data saved successfully
[2024-08-16 16:28:50,257] root - INFO - Validation data saved successfully
[2024-08-16 16:31:30,946] root - INFO - Validation data saved successfully
[2024-08-16 16:46:43,928] root - INFO - Validation data saved successfully
[2024-08-16 17:35:32,127] root - INFO - Ran descriptor method MolecularDescriptors
[2024-08-16 17:36:02,915] root - INFO - Ran descriptor method DIPOL_RI
[2024-08-16 17:36:02,920] root - INFO - Displayed DataFrame shape: (164, 13)
[2024-08-16 17:36:02,923] root - INFO - Download button created
[2024-08-16 17:36:02,925] root - INFO - Data saved successfully
[2024-08-16 17:36:05,937] root - INFO - Validation data saved successfully
